
> vite_react_shadcn_ts@0.0.0 build
> vite build

[36mvite v5.4.21 [32mbuilding for production...[36m[39m
transforming...
[32mÔ£ô[39m 71 modules transformed.
node.exe : [31mx[39m Build failed in 3.37s
No linha:1 caractere:1
+ & "C:\nvm4w\nodejs/node.exe" 
"C:\Users\danie\AppData\Roaming\npm/node ...
+ ~~~~~~~~~~~~~~~~~~~~~~~~~~~~~~~~~~~~~~~~~~~~~~~~~~~~
~~~~~~~~~~~~~~~~~
    + CategoryInfo          : NotSpecified: ([31mx[ 
   39m Build failed in 3.37s:String) [], RemoteExcep  
  tion
    + FullyQualifiedErrorId : NativeCommandError
 
[31merror during build:
[31m[vite:esbuild] Transform failed with 1 error:
C:/Users/danie/.gemini/antigravity/preview_temp/src/co
mponents/Hero.tsx:35:66: ERROR: Expected ";" but 
found "$"[31m
file: [36mC:/Users/danie/.gemini/antigravity/preview_
temp/src/components/Hero.tsx:35:66[31m
[33m
[33mExpected ";" but found "$"[33m
33 |      const handleScroll = () => {
34 |        const scrollY = window.scrollY;
35 |        document.documentElement.style.setProperty
('--parallax-y', `${ scrollY * 0.1 } px`);
   |                                                  
                  ^
36 |      };
37 |  
[31m
    at failureErrorWithLog (C:\Users\danie\.gemini\ant
igravity\preview_temp\node_modules\vite\node_modules\e
sbuild\lib\main.js:1472:15)
    at C:\Users\danie\.gemini\antigravity\preview_temp
\node_modules\vite\node_modules\esbuild\lib\main.js:75
5:50
    at responseCallbacks.<computed> (C:\Users\danie\.g
emini\antigravity\preview_temp\node_modules\vite\node_
modules\esbuild\lib\main.js:622:9)
    at handleIncomingPacket (C:\Users\danie\.gemini\an
tigravity\preview_temp\node_modules\vite\node_modules\
esbuild\lib\main.js:677:12)
    at Socket.readFromStdout (C:\Users\danie\.gemini\a
ntigravity\preview_temp\node_modules\vite\node_modules
\esbuild\lib\main.js:600:7)
    at Socket.emit (node:events:519:28)
    at addChunk 
(node:internal/streams/readable:561:12)
    at readableAddChunkPushByteMode 
(node:internal/streams/readable:512:3)
    at Readable.push 
(node:internal/streams/readable:392:5)
    at Pipe.onStreamRead 
(node:internal/stream_base_commons:189:23)[39m
